
 Start  Stop   Length Name               Class

 00000H 05658H 05659H _TEXT              CODE
 05659H 05781H 00129H HWORLD_TEXT        CODE
 05782H 06BD2H 01451H WINDOW_TEXT        CODE
 06BD3H 07562H 00990H VIDEO_TEXT         CODE
 07563H 0879EH 0123CH MESSAGE_TEXT       CODE
 0879FH 08A5BH 002BDH MOUSE_TEXT         CODE
 08A5CH 091B4H 00759H CONSOLE_TEXT       CODE
 091B5H 0B73DH 02589H TEXTBOX_TEXT       CODE
 0B73EH 0C9E7H 012AAH LISTBOX_TEXT       CODE
 0C9E8H 0F346H 0295FH NORMAL_TEXT        CODE
 0F347H 0F5F4H 002AEH MENU_TEXT          CODE
 0F5F5H 105B6H 00FC2H MENUBAR_TEXT       CODE
 105B7H 11B38H 01582H POPDOWN_TEXT       CODE
 11B39H 11E77H 0033FH RECT_TEXT          CODE
 11E78H 12EEEH 01077H APPLICAT_TEXT      CODE
 12EEFH 12EEFH 00000H KEYS_TEXT          CODE
 12EEFH 1330FH 00421H SYSMENU_TEXT       CODE
 13310H 17591H 04282H EDITBOX_TEXT       CODE
 17592H 19418H 01E87H DIALBOX_TEXT       CODE
 19419H 19805H 003EDH BUTTON_TEXT        CODE
 19806H 1A7E8H 00FE3H COMMDLG_TEXT       CODE
 1A7E9H 1B237H 00A4FH MSGBOX_TEXT        CODE
 1B238H 1B656H 0041FH LISTS_TEXT         CODE
 1B657H 1B9B8H 00362H STATBAR_TEXT       CODE
 1B9B9H 1BFD4H 0061CH COMBOBOX_TEXT      CODE
 1BFD5H 1C746H 00772H PICTBOX_TEXT       CODE
 1C747H 1CA94H 0034EH CLIPBORD_TEXT      CODE
 1CA95H 1D242H 007AEH SEARCH_TEXT        CODE
 1D243H 1D3E4H 001A2H DFALLOC_TEXT       CODE
 1D3E5H 1D5C5H 001E1H CHECKBOX_TEXT      CODE
 1D5C6H 1D7B2H 001EDH TEXT_TEXT          CODE
 1D7B3H 1DB9AH 003E8H RADIO_TEXT         CODE
 1DB9BH 1DCA7H 0010DH BOX_TEXT           CODE
 1DCA8H 1DEEBH 00244H SPINBUTT_TEXT      CODE
 1DEECH 1E5CEH 006E3H DIRECT_TEXT        CODE
 1E5CFH 1E69DH 000CFH MAIN_TEXT          CODE
 1E69EH 1E69EH 00000H SYSTEMRS_TEXT      CODE
 1E69EH 1E6DCH 0003FH SYSHELP_TEXT       CODE
 1E6DDH 20298H 01BBCH HELPBOX_TEXT       CODE
 20299H 20564H 002CCH DECOMP_TEXT        CODE
 20565H 20578H 00014H NOLOG_TEXT         CODE
 20580H 20580H 00000H _FARDATA           FAR_DATA
 20580H 20580H 00000H _FARBSS            FAR_BSS
 20580H 20580H 00000H _OVERLAY_          OVRINFO
 20580H 20580H 00000H _1STUB_            STUBSEG
 20580H 2626FH 05CF0H _DATA              DATA
 26270H 26271H 00002H _CVTSEG            DATA
 26272H 26277H 00006H _SCNSEG            DATA
 26278H 26278H 00000H _CONST             CONST
 26278H 2628FH 00018H _INIT_             INITDATA
 26290H 26290H 00000H _INITEND_          INITDATA
 26290H 26290H 00000H _EXIT_             EXITDATA
 26290H 26290H 00000H _EXITEND_          EXITDATA
 26290H 27561H 012D2H _BSS               BSS
 27562H 27562H 00000H _BSSEND            BSSEND
 27570H 275EFH 00080H _STACK             STACK

Program entry point at 0000:0000

