
 Start  Stop   Length Name               Class

 00000H 05DF7H 05DF8H _TEXT              CODE
 05DF8H 087D1H 029DAH MHLIST_TEXT        CODE
 087D2H 09C22H 01451H WINDOW_TEXT        CODE
 09C23H 0A5B2H 00990H VIDEO_TEXT         CODE
 0A5B3H 0B7EEH 0123CH MESSAGE_TEXT       CODE
 0B7EFH 0BAABH 002BDH MOUSE_TEXT         CODE
 0BAACH 0C204H 00759H CONSOLE_TEXT       CODE
 0C205H 0E78DH 02589H TEXTBOX_TEXT       CODE
 0E78EH 0FA37H 012AAH LISTBOX_TEXT       CODE
 0FA38H 12396H 0295FH NORMAL_TEXT        CODE
 12397H 12644H 002AEH MENU_TEXT          CODE
 12645H 13606H 00FC2H MENUBAR_TEXT       CODE
 13607H 14B88H 01582H POPDOWN_TEXT       CODE
 14B89H 14EC7H 0033FH RECT_TEXT          CODE
 14EC8H 15F3EH 01077H APPLICAT_TEXT      CODE
 15F3FH 15F3FH 00000H KEYS_TEXT          CODE
 15F3FH 1635FH 00421H SYSMENU_TEXT       CODE
 16360H 1A5E1H 04282H EDITBOX_TEXT       CODE
 1A5E2H 1C468H 01E87H DIALBOX_TEXT       CODE
 1C469H 1C855H 003EDH BUTTON_TEXT        CODE
 1C856H 1D838H 00FE3H COMMDLG_TEXT       CODE
 1D839H 1E287H 00A4FH MSGBOX_TEXT        CODE
 1E288H 1E6A6H 0041FH LISTS_TEXT         CODE
 1E6A7H 1EA08H 00362H STATBAR_TEXT       CODE
 1EA09H 1F024H 0061CH COMBOBOX_TEXT      CODE
 1F025H 1F796H 00772H PICTBOX_TEXT       CODE
 1F797H 1FAE4H 0034EH CLIPBORD_TEXT      CODE
 1FAE5H 20292H 007AEH SEARCH_TEXT        CODE
 20293H 20434H 001A2H DFALLOC_TEXT       CODE
 20435H 20615H 001E1H CHECKBOX_TEXT      CODE
 20616H 20802H 001EDH TEXT_TEXT          CODE
 20803H 20BEAH 003E8H RADIO_TEXT         CODE
 20BEBH 20CF7H 0010DH BOX_TEXT           CODE
 20CF8H 20F3BH 00244H SPINBUTT_TEXT      CODE
 20F3CH 21306H 003CBH WATCH_TEXT         CODE
 21307H 2186AH 00564H SLIDEBOX_TEXT      CODE
 2186BH 21F4DH 006E3H DIRECT_TEXT        CODE
 21F4EH 2201CH 000CFH MAIN_TEXT          CODE
 2201DH 2201DH 00000H SYSTEMRS_TEXT      CODE
 2201DH 2205BH 0003FH SYSHELP_TEXT       CODE
 2205CH 23C17H 01BBCH HELPBOX_TEXT       CODE
 23C18H 23EE3H 002CCH DECOMP_TEXT        CODE
 23EE4H 23EF7H 00014H NOLOG_TEXT         CODE
 23EF8H 23EF8H 00000H MENUS_TEXT         CODE
 23EF8H 24145H 0024EH CONFIG_TEXT        CODE
 24146H 24794H 0064FH CALENDAR_TEXT      CODE
 24795H 24C99H 00505H ASCIITAB_TEXT      CODE
 24CA0H 24CA0H 00000H _FARDATA           FAR_DATA
 24CA0H 24CA0H 00000H _FARBSS            FAR_BSS
 24CA0H 24CA0H 00000H _OVERLAY_          OVRINFO
 24CA0H 24CA0H 00000H _1STUB_            STUBSEG
 24CA0H 2C971H 07CD2H _DATA              DATA
 2C972H 2C973H 00002H _CVTSEG            DATA
 2C974H 2C979H 00006H _SCNSEG            DATA
 2C97AH 2C97AH 00000H _CONST             CONST
 2C97AH 2C991H 00018H _INIT_             INITDATA
 2C992H 2C992H 00000H _INITEND_          INITDATA
 2C992H 2C992H 00000H _EXIT_             EXITDATA
 2C992H 2C992H 00000H _EXITEND_          EXITDATA
 2C992H 2DCF9H 01368H _BSS               BSS
 2DCFAH 2DCFAH 00000H _BSSEND            BSSEND
 2DD00H 2DD7FH 00080H _STACK             STACK

Program entry point at 0000:0000

