
 Start  Stop   Length Name               Class

 00000H 05DF7H 05DF8H _TEXT              CODE
 05DF8H 08549H 02752H MHLIST_TEXT        CODE
 0854AH 0999AH 01451H WINDOW_TEXT        CODE
 0999BH 0A32AH 00990H VIDEO_TEXT         CODE
 0A32BH 0B566H 0123CH MESSAGE_TEXT       CODE
 0B567H 0B823H 002BDH MOUSE_TEXT         CODE
 0B824H 0BF7CH 00759H CONSOLE_TEXT       CODE
 0BF7DH 0E505H 02589H TEXTBOX_TEXT       CODE
 0E506H 0F7AFH 012AAH LISTBOX_TEXT       CODE
 0F7B0H 1210EH 0295FH NORMAL_TEXT        CODE
 1210FH 123BCH 002AEH MENU_TEXT          CODE
 123BDH 1337EH 00FC2H MENUBAR_TEXT       CODE
 1337FH 14900H 01582H POPDOWN_TEXT       CODE
 14901H 14C3FH 0033FH RECT_TEXT          CODE
 14C40H 15CB6H 01077H APPLICAT_TEXT      CODE
 15CB7H 15CB7H 00000H KEYS_TEXT          CODE
 15CB7H 160D7H 00421H SYSMENU_TEXT       CODE
 160D8H 1A359H 04282H EDITBOX_TEXT       CODE
 1A35AH 1C1E0H 01E87H DIALBOX_TEXT       CODE
 1C1E1H 1C5CDH 003EDH BUTTON_TEXT        CODE
 1C5CEH 1D5B0H 00FE3H COMMDLG_TEXT       CODE
 1D5B1H 1DFFFH 00A4FH MSGBOX_TEXT        CODE
 1E000H 1E41EH 0041FH LISTS_TEXT         CODE
 1E41FH 1E780H 00362H STATBAR_TEXT       CODE
 1E781H 1ED9CH 0061CH COMBOBOX_TEXT      CODE
 1ED9DH 1F50EH 00772H PICTBOX_TEXT       CODE
 1F50FH 1F85CH 0034EH CLIPBORD_TEXT      CODE
 1F85DH 2000AH 007AEH SEARCH_TEXT        CODE
 2000BH 201ACH 001A2H DFALLOC_TEXT       CODE
 201ADH 2038DH 001E1H CHECKBOX_TEXT      CODE
 2038EH 2057AH 001EDH TEXT_TEXT          CODE
 2057BH 20962H 003E8H RADIO_TEXT         CODE
 20963H 20A6FH 0010DH BOX_TEXT           CODE
 20A70H 20CB3H 00244H SPINBUTT_TEXT      CODE
 20CB4H 2107EH 003CBH WATCH_TEXT         CODE
 2107FH 215E2H 00564H SLIDEBOX_TEXT      CODE
 215E3H 21CC5H 006E3H DIRECT_TEXT        CODE
 21CC6H 21D94H 000CFH MAIN_TEXT          CODE
 21D95H 21D95H 00000H SYSTEMRS_TEXT      CODE
 21D95H 21DD3H 0003FH SYSHELP_TEXT       CODE
 21DD4H 2398FH 01BBCH HELPBOX_TEXT       CODE
 23990H 23C5BH 002CCH DECOMP_TEXT        CODE
 23C5CH 23C6FH 00014H NOLOG_TEXT         CODE
 23C70H 23C70H 00000H MENUS_TEXT         CODE
 23C70H 23EBDH 0024EH CONFIG_TEXT        CODE
 23EBEH 2450CH 0064FH CALENDAR_TEXT      CODE
 2450DH 24A11H 00505H ASCIITAB_TEXT      CODE
 24A20H 24A20H 00000H _FARDATA           FAR_DATA
 24A20H 24A20H 00000H _FARBSS            FAR_BSS
 24A20H 24A20H 00000H _OVERLAY_          OVRINFO
 24A20H 24A20H 00000H _1STUB_            STUBSEG
 24A20H 2C6E5H 07CC6H _DATA              DATA
 2C6E6H 2C6E7H 00002H _CVTSEG            DATA
 2C6E8H 2C6EDH 00006H _SCNSEG            DATA
 2C6EEH 2C6EEH 00000H _CONST             CONST
 2C6EEH 2C705H 00018H _INIT_             INITDATA
 2C706H 2C706H 00000H _INITEND_          INITDATA
 2C706H 2C706H 00000H _EXIT_             EXITDATA
 2C706H 2C706H 00000H _EXITEND_          EXITDATA
 2C706H 2DA6DH 01368H _BSS               BSS
 2DA6EH 2DA6EH 00000H _BSSEND            BSSEND
 2DA70H 2DAEFH 00080H _STACK             STACK

Program entry point at 0000:0000

